// Jest Snapshot v1, https://goo.gl/fbAQLP

exports[`<PrimaryMetrics/> should render correctly 1`] = `
<View
  style={{}}
>
  <View
    style={{}}
  >
    <View
      style={
        {
          "alignItems": "center",
        }
      }
    >
      <Text
        style={
          {
            "color": "#000000",
            "fontFamily": "Montserrat-Medium",
            "fontSize": 40,
          }
        }
      >
        fakeTextPrimary
      </Text>
      <Text
        style={
          [
            {
              "textAlign": "left",
            },
            {
              "color": "rgba(28, 27, 31, 1)",
              "fontFamily": "System",
              "fontWeight": "400",
              "letterSpacing": 0,
            },
            {
              "writingDirection": "ltr",
            },
            {
              "fontFamily": "Montserrat-Bold",
              "fontSize": 40,
            },
          ]
        }
      >
        20,00
        €
      </Text>
    </View>
  </View>
  <View
    style={
      {
        "marginTop": 10,
      }
    }
  >
    <View
      style={
        {
          "alignItems": "center",
        }
      }
    >
      <Text
        style={
          {
            "color": "#000000",
            "fontFamily": "Montserrat-Medium",
            "fontSize": 40,
          }
        }
      >
        fakeTextPrimary
      </Text>
      <Text
        style={
          [
            {
              "textAlign": "left",
            },
            {
              "color": "rgba(28, 27, 31, 1)",
              "fontFamily": "System",
              "fontWeight": "400",
              "letterSpacing": 0,
            },
            {
              "writingDirection": "ltr",
            },
            {
              "fontFamily": "Montserrat-Bold",
              "fontSize": 40,
            },
          ]
        }
      >
        20,00
        €
      </Text>
    </View>
  </View>
  <View
    style={
      {
        "marginTop": 30,
      }
    }
  >
    <View
      style={
        {
          "borderColor": "#79747E",
          "borderWidth": 0.2,
        }
      }
    />
  </View>
</View>
`;
