// Jest Snapshot v1, https://goo.gl/fbAQLP

exports[`<Restart/> should render correctly 1`] = `
<View
  style={
    {
      "alignItems": "center",
    }
  }
>
  <View>
    <View
      accessibilityState={
        {
          "busy": undefined,
          "checked": undefined,
          "disabled": true,
          "expanded": undefined,
          "selected": undefined,
        }
      }
      accessibilityValue={
        {
          "max": undefined,
          "min": undefined,
          "now": undefined,
          "text": undefined,
        }
      }
      accessible={true}
      collapsable={false}
      focusable={true}
      onBlur={[Function]}
      onClick={[Function]}
      onFocus={[Function]}
      onResponderGrant={[Function]}
      onResponderMove={[Function]}
      onResponderRelease={[Function]}
      onResponderTerminate={[Function]}
      onResponderTerminationRequest={[Function]}
      onStartShouldSetResponder={[Function]}
      style={
        [
          false,
          false,
          undefined,
        ]
      }
    >
      <View
        style={
          {
            "alignItems": "center",
            "backgroundColor": "#FFFFFF",
            "borderRadius": 100,
            "elevation": 2,
            "height": 70,
            "justifyContent": "center",
            "width": 70,
          }
        }
        testID="circleButton"
      >
        <Text />
      </View>
    </View>
  </View>
  <View
    style={
      {
        "marginTop": 10,
      }
    }
  >
    <Text
      style={
        {
          "color": "#79747E",
          "fontFamily": "Montserrat-Medium",
          "fontSize": 12,
        }
      }
    >
      Red√©marrer le compteur
    </Text>
  </View>
</View>
`;
