// Jest Snapshot v1, https://goo.gl/fbAQLP

exports[`<Divider/> should render correctly 1`] = `
<View
  style={
    [
      {
        "backgroundColor": "rgba(202, 196, 208, 1)",
        "height": 0.5,
      },
      undefined,
      false,
      false,
      undefined,
    ]
  }
/>
`;
