// Jest Snapshot v1, https://goo.gl/fbAQLP

exports[`<HeaderText/> should render correctly 1`] = `
<Text
  style={
    {
      "fontFamily": "Montserrat-Bold",
      "fontSize": 40,
    }
  }
>
  fakeText
</Text>
`;
