// Jest Snapshot v1, https://goo.gl/fbAQLP

exports[`<InfoText/> should render correctly 1`] = `[Function]`;
