// Jest Snapshot v1, https://goo.gl/fbAQLP

exports[`<SectionText/> should render correctly 1`] = `
<Text
  style={
    {
      "color": "#000000",
      "fontFamily": "Montserrat-Medium",
      "fontSize": 20,
    }
  }
>
  fake-text
</Text>
`;
