// Jest Snapshot v1, https://goo.gl/fbAQLP

exports[`<CircleButton /> should render correctly 1`] = `[Function]`;
