// Jest Snapshot v1, https://goo.gl/fbAQLP

exports[`<ClassicButton/> should render correctly 1`] = `
<View
  collapsable={false}
  style={
    {
      "alignSelf": undefined,
      "bottom": undefined,
      "end": undefined,
      "flex": undefined,
      "left": undefined,
      "position": undefined,
      "right": undefined,
      "shadowColor": "#000",
      "shadowOffset": {
        "height": 1,
        "width": 0,
      },
      "shadowOpacity": 0.15,
      "shadowRadius": 3,
      "start": undefined,
      "top": undefined,
    }
  }
  testID="button-container-outer-layer"
>
  <View
    collapsable={false}
    style={
      {
        "flex": undefined,
        "shadowColor": "#000",
        "shadowOffset": {
          "height": 1,
          "width": 0,
        },
        "shadowOpacity": 0.3,
        "shadowRadius": 1,
      }
    }
    testID="button-container-inner-layer"
  >
    <View
      collapsable={false}
      style={
        {
          "backgroundColor": "#E8DEF8",
          "borderColor": "transparent",
          "borderRadius": 20,
          "borderStyle": "solid",
          "borderWidth": 0,
          "flex": undefined,
          "minWidth": 64,
        }
      }
      testID="button-container"
    >
      <View
        accessibilityRole="button"
        accessibilityState={
          {
            "busy": undefined,
            "checked": undefined,
            "disabled": false,
            "expanded": undefined,
            "selected": undefined,
          }
        }
        accessibilityValue={
          {
            "max": undefined,
            "min": undefined,
            "now": undefined,
            "text": undefined,
          }
        }
        accessible={true}
        collapsable={false}
        focusable={true}
        onBlur={[Function]}
        onClick={[Function]}
        onFocus={[Function]}
        onResponderGrant={[Function]}
        onResponderMove={[Function]}
        onResponderRelease={[Function]}
        onResponderTerminate={[Function]}
        onResponderTerminationRequest={[Function]}
        onStartShouldSetResponder={[Function]}
        style={
          [
            {
              "overflow": "hidden",
            },
            false,
            {
              "borderRadius": 20,
            },
          ]
        }
        testID="button"
      >
        <View
          style={
            [
              {
                "alignItems": "center",
                "flexDirection": "row",
                "justifyContent": "center",
              },
              {
                "height": 45,
                "paddingTop": 5,
              },
            ]
          }
        >
          <Text
            numberOfLines={1}
            selectable={false}
            style={
              [
                {
                  "color": "rgba(28, 27, 31, 1)",
                  "fontFamily": "System",
                  "fontSize": 14,
                  "fontWeight": "500",
                  "letterSpacing": 0.1,
                  "lineHeight": 20,
                },
                {
                  "textAlign": "left",
                },
                {
                  "writingDirection": "ltr",
                },
                [
                  {
                    "marginHorizontal": 16,
                    "marginVertical": 9,
                    "textAlign": "center",
                  },
                  false,
                  {
                    "marginHorizontal": 24,
                    "marginVertical": 10,
                  },
                  undefined,
                  false,
                  {
                    "color": "rgba(103, 80, 164, 1)",
                    "fontFamily": "System",
                    "fontSize": 14,
                    "fontWeight": "500",
                    "letterSpacing": 0.1,
                    "lineHeight": 20,
                  },
                  undefined,
                ],
              ]
            }
            testID="button-text"
          >
            fakeButtonText
          </Text>
        </View>
      </View>
    </View>
  </View>
</View>
`;
